// Jest Snapshot v1, https://goo.gl/fbAQLP

exports[`PlanBreakdown should render 1`] = `
<div>
  <div
    class="plan-breakdown small"
  >
    <div
      class="limits"
    >
      <ul>
        <li>
          <svg
            class="lexicon-icon lexicon-icon-ac-users icon-root"
            role="presentation"
          >
            <use
              href="#ac-users"
            />
          </svg>
          <span
            class="limit-amount semibold"
          >
            Unlimited
          </span>
          <span
            class="text-secondary"
          >
            Users
          </span>
        </li>
      </ul>
    </div>
  </div>
</div>
`;
